Watching for file changes with StatReloader
Watching for file changes with StatReloader
"GET /?id=49cde08d-cce5-4bd7-aa82-84c41f56b63e&vscodeBrowserReqId=1751692875965 HTTP/1.1" 200 12065
Watching for file changes with StatReloader
"GET / HTTP/1.1" 302 0
"GET /login/ HTTP/1.1" 302 0
Internal Server Error: /accounts/login/
Traceback (most recent call last):
  File "C:\Users\sean_\miniconda3\envs\HengjiAMS1\Lib\site-packages\django\core\handlers\exception.py", line 55, in inner
    response = get_response(request)
               ^^^^^^^^^^^^^^^^^^^^^
  File "C:\Users\sean_\miniconda3\envs\HengjiAMS1\Lib\site-packages\django\core\handlers\base.py", line 220, in _get_response
    response = response.render()
               ^^^^^^^^^^^^^^^^^
  File "C:\Users\sean_\miniconda3\envs\HengjiAMS1\Lib\site-packages\django\template\response.py", line 114, in render
    self.content = self.rendered_content
                   ^^^^^^^^^^^^^^^^^^^^^
  File "C:\Users\sean_\miniconda3\envs\HengjiAMS1\Lib\site-packages\django\template\response.py", line 90, in rendered_content
    template = self.resolve_template(self.template_name)
               ^^^^^^^^^^^^^^^^^^^^^^^^^^^^^^^^^^^^^^^^^
  File "C:\Users\sean_\miniconda3\envs\HengjiAMS1\Lib\site-packages\django\template\response.py", line 72, in resolve_template
    return select_template(template, using=self.using)
           ^^^^^^^^^^^^^^^^^^^^^^^^^^^^^^^^^^^^^^^^^^^
  File "C:\Users\sean_\miniconda3\envs\HengjiAMS1\Lib\site-packages\django\template\loader.py", line 47, in select_template
    raise TemplateDoesNotExist(", ".join(template_name_list), chain=chain)
django.template.exceptions.TemplateDoesNotExist: accounts/login.html
"GET /accounts/login/ HTTP/1.1" 500 85409
C:\Users\sean_\OneDrive\Code\HengJi\HengjiAMS1\accounts\views.py changed, reloading.
Watching for file changes with StatReloader
Internal Server Error: /accounts/login/
Traceback (most recent call last):
  File "C:\Users\sean_\miniconda3\envs\HengjiAMS1\Lib\site-packages\django\template\base.py", line 510, in parse
    compile_func = self.tags[command]
                   ~~~~~~~~~^^^^^^^^^
KeyError: 'get_current_language'

During handling of the above exception, another exception occurred:

Traceback (most recent call last):
  File "C:\Users\sean_\miniconda3\envs\HengjiAMS1\Lib\site-packages\django\core\handlers\exception.py", line 55, in inner
    response = get_response(request)
               ^^^^^^^^^^^^^^^^^^^^^
  File "C:\Users\sean_\miniconda3\envs\HengjiAMS1\Lib\site-packages\django\core\handlers\base.py", line 220, in _get_response
    response = response.render()
               ^^^^^^^^^^^^^^^^^
  File "C:\Users\sean_\miniconda3\envs\HengjiAMS1\Lib\site-packages\django\template\response.py", line 114, in render
    self.content = self.rendered_content
                   ^^^^^^^^^^^^^^^^^^^^^
  File "C:\Users\sean_\miniconda3\envs\HengjiAMS1\Lib\site-packages\django\template\response.py", line 92, in rendered_content
    return template.render(context, self._request)
           ^^^^^^^^^^^^^^^^^^^^^^^^^^^^^^^^^^^^^^^
  File "C:\Users\sean_\miniconda3\envs\HengjiAMS1\Lib\site-packages\django\template\backends\django.py", line 107, in render
    return self.template.render(context)
           ^^^^^^^^^^^^^^^^^^^^^^^^^^^^^
  File "C:\Users\sean_\miniconda3\envs\HengjiAMS1\Lib\site-packages\django\template\base.py", line 171, in render
    return self._render(context)
           ^^^^^^^^^^^^^^^^^^^^^
  File "C:\Users\sean_\miniconda3\envs\HengjiAMS1\Lib\site-packages\django\template\base.py", line 163, in _render
    return self.nodelist.render(context)
           ^^^^^^^^^^^^^^^^^^^^^^^^^^^^^
  File "C:\Users\sean_\miniconda3\envs\HengjiAMS1\Lib\site-packages\django\template\base.py", line 1016, in render
    return SafeString("".join([node.render_annotated(context) for node in self]))
                              ^^^^^^^^^^^^^^^^^^^^^^^^^^^^^^^^^^^^^^^^^^^^^^^^^
  File "C:\Users\sean_\miniconda3\envs\HengjiAMS1\Lib\site-packages\django\template\base.py", line 1016, in <listcomp>
    return SafeString("".join([node.render_annotated(context) for node in self]))
                               ^^^^^^^^^^^^^^^^^^^^^^^^^^^^^^
  File "C:\Users\sean_\miniconda3\envs\HengjiAMS1\Lib\site-packages\django\template\base.py", line 977, in render_annotated
    return self.render(context)
           ^^^^^^^^^^^^^^^^^^^^
  File "C:\Users\sean_\miniconda3\envs\HengjiAMS1\Lib\site-packages\django\template\loader_tags.py", line 134, in render
    compiled_parent = self.get_parent(context)
                      ^^^^^^^^^^^^^^^^^^^^^^^^
  File "C:\Users\sean_\miniconda3\envs\HengjiAMS1\Lib\site-packages\django\template\loader_tags.py", line 131, in get_parent
    return self.find_template(parent, context)
           ^^^^^^^^^^^^^^^^^^^^^^^^^^^^^^^^^^^
  File "C:\Users\sean_\miniconda3\envs\HengjiAMS1\Lib\site-packages\django\template\loader_tags.py", line 109, in find_template
    template, origin = context.template.engine.find_template(
                       ^^^^^^^^^^^^^^^^^^^^^^^^^^^^^^^^^^^^^^
  File "C:\Users\sean_\miniconda3\envs\HengjiAMS1\Lib\site-packages\django\template\engine.py", line 159, in find_template
    template = loader.get_template(name, skip=skip)
               ^^^^^^^^^^^^^^^^^^^^^^^^^^^^^^^^^^^^
  File "C:\Users\sean_\miniconda3\envs\HengjiAMS1\Lib\site-packages\django\template\loaders\cached.py", line 57, in get_template
    template = super().get_template(template_name, skip)
               ^^^^^^^^^^^^^^^^^^^^^^^^^^^^^^^^^^^^^^^^^
  File "C:\Users\sean_\miniconda3\envs\HengjiAMS1\Lib\site-packages\django\template\loaders\base.py", line 28, in get_template
    return Template(
           ^^^^^^^^^
  File "C:\Users\sean_\miniconda3\envs\HengjiAMS1\Lib\site-packages\django\template\base.py", line 154, in __init__
    self.nodelist = self.compile_nodelist()
                    ^^^^^^^^^^^^^^^^^^^^^^^
  File "C:\Users\sean_\miniconda3\envs\HengjiAMS1\Lib\site-packages\django\template\base.py", line 196, in compile_nodelist
    nodelist = parser.parse()
               ^^^^^^^^^^^^^^
  File "C:\Users\sean_\miniconda3\envs\HengjiAMS1\Lib\site-packages\django\template\base.py", line 512, in parse
    self.invalid_block_tag(token, command, parse_until)
  File "C:\Users\sean_\miniconda3\envs\HengjiAMS1\Lib\site-packages\django\template\base.py", line 577, in invalid_block_tag
    raise self.error(
django.template.exceptions.TemplateSyntaxError: Invalid block tag on line 2: 'get_current_language'. Did you forget to register or load this tag?
"GET /accounts/login/ HTTP/1.1" 500 200239
"GET /?id=66b96bed-0967-4094-a861-3e237e40ca04&vscodeBrowserReqId=1751814641343 HTTP/1.1" 302 0
"GET /login/ HTTP/1.1" 302 0
Internal Server Error: /accounts/login/
Traceback (most recent call last):
  File "C:\Users\sean_\miniconda3\envs\HengjiAMS1\Lib\site-packages\django\template\base.py", line 510, in parse
    compile_func = self.tags[command]
                   ~~~~~~~~~^^^^^^^^^
KeyError: 'get_current_language'

During handling of the above exception, another exception occurred:

Traceback (most recent call last):
  File "C:\Users\sean_\miniconda3\envs\HengjiAMS1\Lib\site-packages\django\core\handlers\exception.py", line 55, in inner
    response = get_response(request)
               ^^^^^^^^^^^^^^^^^^^^^
  File "C:\Users\sean_\miniconda3\envs\HengjiAMS1\Lib\site-packages\django\core\handlers\base.py", line 220, in _get_response
    response = response.render()
               ^^^^^^^^^^^^^^^^^
  File "C:\Users\sean_\miniconda3\envs\HengjiAMS1\Lib\site-packages\django\template\response.py", line 114, in render
    self.content = self.rendered_content
                   ^^^^^^^^^^^^^^^^^^^^^
  File "C:\Users\sean_\miniconda3\envs\HengjiAMS1\Lib\site-packages\django\template\response.py", line 92, in rendered_content
    return template.render(context, self._request)
           ^^^^^^^^^^^^^^^^^^^^^^^^^^^^^^^^^^^^^^^
  File "C:\Users\sean_\miniconda3\envs\HengjiAMS1\Lib\site-packages\django\template\backends\django.py", line 107, in render
    return self.template.render(context)
           ^^^^^^^^^^^^^^^^^^^^^^^^^^^^^
  File "C:\Users\sean_\miniconda3\envs\HengjiAMS1\Lib\site-packages\django\template\base.py", line 171, in render
    return self._render(context)
           ^^^^^^^^^^^^^^^^^^^^^
  File "C:\Users\sean_\miniconda3\envs\HengjiAMS1\Lib\site-packages\django\template\base.py", line 163, in _render
    return self.nodelist.render(context)
           ^^^^^^^^^^^^^^^^^^^^^^^^^^^^^
  File "C:\Users\sean_\miniconda3\envs\HengjiAMS1\Lib\site-packages\django\template\base.py", line 1016, in render
    return SafeString("".join([node.render_annotated(context) for node in self]))
                              ^^^^^^^^^^^^^^^^^^^^^^^^^^^^^^^^^^^^^^^^^^^^^^^^^
  File "C:\Users\sean_\miniconda3\envs\HengjiAMS1\Lib\site-packages\django\template\base.py", line 1016, in <listcomp>
    return SafeString("".join([node.render_annotated(context) for node in self]))
                               ^^^^^^^^^^^^^^^^^^^^^^^^^^^^^^
  File "C:\Users\sean_\miniconda3\envs\HengjiAMS1\Lib\site-packages\django\template\base.py", line 977, in render_annotated
    return self.render(context)
           ^^^^^^^^^^^^^^^^^^^^
  File "C:\Users\sean_\miniconda3\envs\HengjiAMS1\Lib\site-packages\django\template\loader_tags.py", line 134, in render
    compiled_parent = self.get_parent(context)
                      ^^^^^^^^^^^^^^^^^^^^^^^^
  File "C:\Users\sean_\miniconda3\envs\HengjiAMS1\Lib\site-packages\django\template\loader_tags.py", line 131, in get_parent
    return self.find_template(parent, context)
           ^^^^^^^^^^^^^^^^^^^^^^^^^^^^^^^^^^^
  File "C:\Users\sean_\miniconda3\envs\HengjiAMS1\Lib\site-packages\django\template\loader_tags.py", line 109, in find_template
    template, origin = context.template.engine.find_template(
                       ^^^^^^^^^^^^^^^^^^^^^^^^^^^^^^^^^^^^^^
  File "C:\Users\sean_\miniconda3\envs\HengjiAMS1\Lib\site-packages\django\template\engine.py", line 159, in find_template
    template = loader.get_template(name, skip=skip)
               ^^^^^^^^^^^^^^^^^^^^^^^^^^^^^^^^^^^^
  File "C:\Users\sean_\miniconda3\envs\HengjiAMS1\Lib\site-packages\django\template\loaders\cached.py", line 57, in get_template
    template = super().get_template(template_name, skip)
               ^^^^^^^^^^^^^^^^^^^^^^^^^^^^^^^^^^^^^^^^^
  File "C:\Users\sean_\miniconda3\envs\HengjiAMS1\Lib\site-packages\django\template\loaders\base.py", line 28, in get_template
    return Template(
           ^^^^^^^^^
  File "C:\Users\sean_\miniconda3\envs\HengjiAMS1\Lib\site-packages\django\template\base.py", line 154, in __init__
    self.nodelist = self.compile_nodelist()
                    ^^^^^^^^^^^^^^^^^^^^^^^
  File "C:\Users\sean_\miniconda3\envs\HengjiAMS1\Lib\site-packages\django\template\base.py", line 196, in compile_nodelist
    nodelist = parser.parse()
               ^^^^^^^^^^^^^^
  File "C:\Users\sean_\miniconda3\envs\HengjiAMS1\Lib\site-packages\django\template\base.py", line 512, in parse
    self.invalid_block_tag(token, command, parse_until)
  File "C:\Users\sean_\miniconda3\envs\HengjiAMS1\Lib\site-packages\django\template\base.py", line 577, in invalid_block_tag
    raise self.error(
django.template.exceptions.TemplateSyntaxError: Invalid block tag on line 2: 'get_current_language'. Did you forget to register or load this tag?
"GET /accounts/login/ HTTP/1.1" 500 198572
"GET / HTTP/1.1" 302 0
"GET /login/ HTTP/1.1" 302 0
Internal Server Error: /accounts/login/
Traceback (most recent call last):
  File "C:\Users\sean_\miniconda3\envs\HengjiAMS1\Lib\site-packages\django\template\base.py", line 510, in parse
    compile_func = self.tags[command]
                   ~~~~~~~~~^^^^^^^^^
KeyError: 'get_current_language'

During handling of the above exception, another exception occurred:

Traceback (most recent call last):
  File "C:\Users\sean_\miniconda3\envs\HengjiAMS1\Lib\site-packages\django\core\handlers\exception.py", line 55, in inner
    response = get_response(request)
               ^^^^^^^^^^^^^^^^^^^^^
  File "C:\Users\sean_\miniconda3\envs\HengjiAMS1\Lib\site-packages\django\core\handlers\base.py", line 220, in _get_response
    response = response.render()
               ^^^^^^^^^^^^^^^^^
  File "C:\Users\sean_\miniconda3\envs\HengjiAMS1\Lib\site-packages\django\template\response.py", line 114, in render
    self.content = self.rendered_content
                   ^^^^^^^^^^^^^^^^^^^^^
  File "C:\Users\sean_\miniconda3\envs\HengjiAMS1\Lib\site-packages\django\template\response.py", line 92, in rendered_content
    return template.render(context, self._request)
           ^^^^^^^^^^^^^^^^^^^^^^^^^^^^^^^^^^^^^^^
  File "C:\Users\sean_\miniconda3\envs\HengjiAMS1\Lib\site-packages\django\template\backends\django.py", line 107, in render
    return self.template.render(context)
           ^^^^^^^^^^^^^^^^^^^^^^^^^^^^^
  File "C:\Users\sean_\miniconda3\envs\HengjiAMS1\Lib\site-packages\django\template\base.py", line 171, in render
    return self._render(context)
           ^^^^^^^^^^^^^^^^^^^^^
  File "C:\Users\sean_\miniconda3\envs\HengjiAMS1\Lib\site-packages\django\template\base.py", line 163, in _render
    return self.nodelist.render(context)
           ^^^^^^^^^^^^^^^^^^^^^^^^^^^^^
  File "C:\Users\sean_\miniconda3\envs\HengjiAMS1\Lib\site-packages\django\template\base.py", line 1016, in render
    return SafeString("".join([node.render_annotated(context) for node in self]))
                              ^^^^^^^^^^^^^^^^^^^^^^^^^^^^^^^^^^^^^^^^^^^^^^^^^
  File "C:\Users\sean_\miniconda3\envs\HengjiAMS1\Lib\site-packages\django\template\base.py", line 1016, in <listcomp>
    return SafeString("".join([node.render_annotated(context) for node in self]))
                               ^^^^^^^^^^^^^^^^^^^^^^^^^^^^^^
  File "C:\Users\sean_\miniconda3\envs\HengjiAMS1\Lib\site-packages\django\template\base.py", line 977, in render_annotated
    return self.render(context)
           ^^^^^^^^^^^^^^^^^^^^
  File "C:\Users\sean_\miniconda3\envs\HengjiAMS1\Lib\site-packages\django\template\loader_tags.py", line 134, in render
    compiled_parent = self.get_parent(context)
                      ^^^^^^^^^^^^^^^^^^^^^^^^
  File "C:\Users\sean_\miniconda3\envs\HengjiAMS1\Lib\site-packages\django\template\loader_tags.py", line 131, in get_parent
    return self.find_template(parent, context)
           ^^^^^^^^^^^^^^^^^^^^^^^^^^^^^^^^^^^
  File "C:\Users\sean_\miniconda3\envs\HengjiAMS1\Lib\site-packages\django\template\loader_tags.py", line 109, in find_template
    template, origin = context.template.engine.find_template(
                       ^^^^^^^^^^^^^^^^^^^^^^^^^^^^^^^^^^^^^^
  File "C:\Users\sean_\miniconda3\envs\HengjiAMS1\Lib\site-packages\django\template\engine.py", line 159, in find_template
    template = loader.get_template(name, skip=skip)
               ^^^^^^^^^^^^^^^^^^^^^^^^^^^^^^^^^^^^
  File "C:\Users\sean_\miniconda3\envs\HengjiAMS1\Lib\site-packages\django\template\loaders\cached.py", line 57, in get_template
    template = super().get_template(template_name, skip)
               ^^^^^^^^^^^^^^^^^^^^^^^^^^^^^^^^^^^^^^^^^
  File "C:\Users\sean_\miniconda3\envs\HengjiAMS1\Lib\site-packages\django\template\loaders\base.py", line 28, in get_template
    return Template(
           ^^^^^^^^^
  File "C:\Users\sean_\miniconda3\envs\HengjiAMS1\Lib\site-packages\django\template\base.py", line 154, in __init__
    self.nodelist = self.compile_nodelist()
                    ^^^^^^^^^^^^^^^^^^^^^^^
  File "C:\Users\sean_\miniconda3\envs\HengjiAMS1\Lib\site-packages\django\template\base.py", line 196, in compile_nodelist
    nodelist = parser.parse()
               ^^^^^^^^^^^^^^
  File "C:\Users\sean_\miniconda3\envs\HengjiAMS1\Lib\site-packages\django\template\base.py", line 512, in parse
    self.invalid_block_tag(token, command, parse_until)
  File "C:\Users\sean_\miniconda3\envs\HengjiAMS1\Lib\site-packages\django\template\base.py", line 577, in invalid_block_tag
    raise self.error(
django.template.exceptions.TemplateSyntaxError: Invalid block tag on line 2: 'get_current_language'. Did you forget to register or load this tag?
"GET /accounts/login/ HTTP/1.1" 500 200102
"GET /accounts/login/ HTTP/1.1" 200 10012
"GET /static/images/logo.jpg HTTP/1.1" 200 3965
"POST /i18n/setlang/ HTTP/1.1" 302 0
"GET /zh-hans/accounts/login/ HTTP/1.1" 200 10028
"POST /i18n/setlang/ HTTP/1.1" 302 0
"GET /zh-hans/accounts/login/ HTTP/1.1" 200 10028
"POST /zh-hans/accounts/login/ HTTP/1.1" 200 10217
"POST /zh-hans/accounts/login/ HTTP/1.1" 200 10217
"POST /zh-hans/accounts/login/ HTTP/1.1" 302 0
Internal Server Error: /zh-hans/accounts/2fa/setup/
Traceback (most recent call last):
  File "C:\Users\sean_\miniconda3\envs\HengjiAMS1\Lib\site-packages\django\core\handlers\exception.py", line 55, in inner
    response = get_response(request)
               ^^^^^^^^^^^^^^^^^^^^^
  File "C:\Users\sean_\miniconda3\envs\HengjiAMS1\Lib\site-packages\django\core\handlers\base.py", line 220, in _get_response
    response = response.render()
               ^^^^^^^^^^^^^^^^^
  File "C:\Users\sean_\miniconda3\envs\HengjiAMS1\Lib\site-packages\django\template\response.py", line 114, in render
    self.content = self.rendered_content
                   ^^^^^^^^^^^^^^^^^^^^^
  File "C:\Users\sean_\miniconda3\envs\HengjiAMS1\Lib\site-packages\django\template\response.py", line 90, in rendered_content
    template = self.resolve_template(self.template_name)
               ^^^^^^^^^^^^^^^^^^^^^^^^^^^^^^^^^^^^^^^^^
  File "C:\Users\sean_\miniconda3\envs\HengjiAMS1\Lib\site-packages\django\template\response.py", line 72, in resolve_template
    return select_template(template, using=self.using)
           ^^^^^^^^^^^^^^^^^^^^^^^^^^^^^^^^^^^^^^^^^^^
  File "C:\Users\sean_\miniconda3\envs\HengjiAMS1\Lib\site-packages\django\template\loader.py", line 47, in select_template
    raise TemplateDoesNotExist(", ".join(template_name_list), chain=chain)
django.template.exceptions.TemplateDoesNotExist: accounts/2fa_setup.html
"GET /zh-hans/accounts/2fa/setup/ HTTP/1.1" 500 86191
